============================= test session starts =============================
platform win32 -- Python 3.13.1, pytest-9.0.2, pluggy-1.6.0 -- C:\Python313\python.exe
cachedir: .pytest_cache
rootdir: C:\Users\brodi\OneDrive\Documents\Businesses\AI Safety Business
plugins: anyio-4.12.1, asyncio-1.3.0
asyncio: mode=Mode.STRICT, debug=False, asyncio_default_fixture_loop_scope=None, asyncio_default_test_loop_scope=function
collecting ... collected 11 items / 1 error

=================================== ERRORS ====================================
____________ ERROR collecting tests/integration/test_end_to_end.py ____________
ImportError while importing test module 'C:\Users\brodi\OneDrive\Documents\Businesses\AI Safety Business\tests\integration\test_end_to_end.py'.
Hint: make sure your test modules/packages have valid Python names.
Traceback:
C:\Python313\Lib\importlib\__init__.py:88: in import_module
    return _bootstrap._gcd_import(name[level:], package, level)
           ^^^^^^^^^^^^^^^^^^^^^^^^^^^^^^^^^^^^^^^^^^^^^^^^^^^^
tests\integration\test_end_to_end.py:3: in <module>
    from semantic_llm_interpreter import SemanticLLM
E   ImportError: cannot import name 'SemanticLLM' from 'semantic_llm_interpreter' (C:\Users\brodi\OneDrive\Documents\Businesses\AI Safety Business\package\semantic_llm_interpreter\__init__.py)
=========================== short test summary info ===========================
ERROR tests/integration/test_end_to_end.py
!!!!!!!!!!!!!!!!!!! Interrupted: 1 error during collection !!!!!!!!!!!!!!!!!!!!
============================== 1 error in 27.99s ==============================
